
> lugo@0.0.0 build
> vite build

[36mvite v7.3.1 [32mbuilding client environment for production...[36m[39m
transforming...
[32mΓ£ô[39m 2795 modules transformed.
rendering chunks...
node.exe : [33m[plugin vite:reporter] 
At line:1 char:1
+ & "C:\Program Files\nodejs/node.exe" "C:\Program Files\nodejs/node_mo ...
+ ~~~~~~~~~~~~~~~~~~~~~~~~~~~~~~~~~~~~~~~~~~~~~~~~~~~~~~~~~~~~~~~~~~~~~
    + CategoryInfo          : NotSpecified: ([33m[plugin vite:reporter] :String) [], RemoteExc 
   eption
    + FullyQualifiedErrorId : NativeCommandError
 
(!) E:/Lugo/node_modules/firebase/firestore/dist/esm/index.esm.js is dynamically imported by 
E:/Lugo/src/pages/Landing.jsx but also statically imported by E:/Lugo/src/firebase.js, 
E:/Lugo/src/pages/Academy.jsx, E:/Lugo/src/pages/Admin.jsx, E:/Lugo/src/pages/Checkout.jsx, 
E:/Lugo/src/pages/Contact.jsx, E:/Lugo/src/pages/Dashboard.jsx, E:/Lugo/src/pages/Gallery.jsx, 
E:/Lugo/src/pages/Landing.jsx, E:/Lugo/src/pages/Library.jsx, E:/Lugo/src/pages/Multitrack.jsx, 
E:/Lugo/src/pages/Portfolio.jsx, E:/Lugo/src/pages/SellerProfile.jsx, 
E:/Lugo/src/pages/Store.jsx, E:/Lugo/src/pages/Vendedores.jsx, dynamic import will not move 
module into another chunk.
[39m
computing gzip size...
[2mdist/[22m[32mindex.html                              [39m[1m[2m    0.81 kB[22m[1m[22m[2m Γöé gzip:   0.47 kB[22m
[2mdist/[22m[35massets/index-B6M75MDT.css               [39m[1m[2m   27.31 kB[22m[1m[22m[2m Γöé gzip:   5.77 kB[22m
[2mdist/[22m[36massets/MultitrackPluginWeb-CTNTMY4s.js  [39m[1m[2m    0.89 kB[22m[1m[22m[2m Γöé gzip:   0.36 kB[22m
[2mdist/[22m[36massets/web-BpVQCvKE.js                  [39m[1m[2m    1.09 kB[22m[1m[22m[2m Γöé gzip:   0.36 kB[22m
[2mdist/[22m[36massets/sun-C0wzC6j-.js                  [39m[1m[2m    3.01 kB[22m[1m[22m[2m Γöé gzip:   1.16 kB[22m
[2mdist/[22m[36massets/AudioEngine-ipQsOYNx.js          [39m[1m[2m    8.35 kB[22m[1m[22m[2m Γöé gzip:   2.69 kB[22m
[2mdist/[22m[36massets/web-BA76slVC.js                  [39m[1m[2m    8.71 kB[22m[1m[22m[2m Γöé gzip:   2.98 kB[22m
[2mdist/[22m[36massets/NativeEngine-Di-CgRUt.js         [39m[1m[2m   12.52 kB[22m[1m[22m[2m Γöé gzip:   4.80 kB[22m
[2mdist/[22m[36massets/Dashboard-CxV8CG6Y.js            [39m[1m[2m   15.24 kB[22m[1m[22m[2m Γöé gzip:   3.21 kB[22m
[2mdist/[22m[36massets/Multitrack-Y2FAPpDs.js           [39m[1m[2m  190.17 kB[22m[1m[22m[2m Γöé gzip:  49.19 kB[22m
[2mdist/[22m[36massets/Academy-DR3rgU_H.js              [39m[1m[33m  929.78 kB[39m[22m[2m Γöé gzip: 240.81 kB[22m
[2mdist/[22m[36massets/index-D6dDBXZi.js                [39m[1m[33m1,522.72 kB[39m[22m[2m Γöé gzip: 404.64 kB[22m
[32mΓ£ô built in 7.78s[39m
[33m
(!) Some chunks are larger than 500 kB after minification. Consider:
- Using dynamic import() to code-split the application
- Use build.rollupOptions.output.manualChunks to improve chunking: 
https://rollupjs.org/configuration-options/#output-manualchunks
- Adjust chunk size limit for this warning via build.chunkSizeWarningLimit.[39m
